// Jest Snapshot v1, https://goo.gl/fbAQLP

exports[`renders correctly 1`] = `
<View
  accessibilityState={
    {
      "busy": undefined,
      "checked": undefined,
      "disabled": undefined,
      "expanded": undefined,
      "selected": undefined,
    }
  }
  accessibilityValue={
    {
      "max": undefined,
      "min": undefined,
      "now": undefined,
      "text": undefined,
    }
  }
  accessible={true}
  collapsable={false}
  focusable={true}
  onClick={[Function]}
  onResponderGrant={[Function]}
  onResponderMove={[Function]}
  onResponderRelease={[Function]}
  onResponderTerminate={[Function]}
  onResponderTerminationRequest={[Function]}
  onStartShouldSetResponder={[Function]}
  style={
    {
      "alignItems": "center",
      "backgroundColor": "#277dce",
      "borderRadius": 8,
      "height": 44,
      "justifyContent": "center",
      "opacity": 1,
      "width": "100%",
    }
  }
>
  <Text
    style={
      {
        "color": "#ffffff",
        "fontSize": 16,
        "fontWeight": "bold",
      }
    }
  >
    title
  </Text>
</View>
`;

exports[`renders correctly 2`] = `
<View
  accessibilityState={
    {
      "busy": undefined,
      "checked": undefined,
      "disabled": undefined,
      "expanded": undefined,
      "selected": undefined,
    }
  }
  accessibilityValue={
    {
      "max": undefined,
      "min": undefined,
      "now": undefined,
      "text": undefined,
    }
  }
  accessible={true}
  collapsable={false}
  focusable={true}
  onClick={[Function]}
  onResponderGrant={[Function]}
  onResponderMove={[Function]}
  onResponderRelease={[Function]}
  onResponderTerminate={[Function]}
  onResponderTerminationRequest={[Function]}
  onStartShouldSetResponder={[Function]}
  style={
    {
      "alignItems": "center",
      "backgroundColor": "#277dce",
      "borderRadius": 8,
      "height": 44,
      "justifyContent": "center",
      "opacity": 1,
      "width": "100%",
    }
  }
>
  <Text
    style={
      {
        "color": "#ffffff",
        "fontSize": 16,
        "fontWeight": "bold",
      }
    }
  >
    title
  </Text>
</View>
`;

exports[`renders correctly 3`] = `
<View
  accessibilityState={
    {
      "busy": undefined,
      "checked": undefined,
      "disabled": undefined,
      "expanded": undefined,
      "selected": undefined,
    }
  }
  accessibilityValue={
    {
      "max": undefined,
      "min": undefined,
      "now": undefined,
      "text": undefined,
    }
  }
  accessible={true}
  collapsable={false}
  focusable={true}
  onClick={[Function]}
  onResponderGrant={[Function]}
  onResponderMove={[Function]}
  onResponderRelease={[Function]}
  onResponderTerminate={[Function]}
  onResponderTerminationRequest={[Function]}
  onStartShouldSetResponder={[Function]}
  style={
    {
      "alignItems": "center",
      "backgroundColor": "#277dce",
      "borderRadius": 8,
      "height": 44,
      "justifyContent": "center",
      "opacity": 1,
      "width": "100%",
    }
  }
>
  <Text
    style={
      {
        "color": "#ffffff",
        "fontSize": 16,
        "fontWeight": "bold",
      }
    }
  >
    title
  </Text>
</View>
`;

exports[`renders correctly 4`] = `
<View
  accessibilityState={
    {
      "busy": undefined,
      "checked": undefined,
      "disabled": undefined,
      "expanded": undefined,
      "selected": undefined,
    }
  }
  accessibilityValue={
    {
      "max": undefined,
      "min": undefined,
      "now": undefined,
      "text": undefined,
    }
  }
  accessible={true}
  collapsable={false}
  focusable={true}
  onClick={[Function]}
  onResponderGrant={[Function]}
  onResponderMove={[Function]}
  onResponderRelease={[Function]}
  onResponderTerminate={[Function]}
  onResponderTerminationRequest={[Function]}
  onStartShouldSetResponder={[Function]}
  style={
    {
      "alignItems": "center",
      "backgroundColor": "#277dce",
      "borderRadius": 8,
      "height": 44,
      "justifyContent": "center",
      "opacity": 1,
      "width": "100%",
    }
  }
>
  <Text
    style={
      {
        "color": "#ffffff",
        "fontSize": 16,
        "fontWeight": "bold",
      }
    }
  >
    title
  </Text>
</View>
`;
